2026-08-23 20:04:41.635 IST [108179] LOG:  starting PostgreSQL 17.10 (Debian 17.10-0+deb13u1) on x86_64-pc-linux-gnu, compiled by gcc (Debian 14.2.0-19) 14.2.0, 64-bit
2026-08-23 20:04:41.636 IST [108179] LOG:  listening on IPv4 address "127.0.0.1", port 5433
2026-08-23 20:04:41.636 IST [108179] LOG:  listening on IPv6 address "::1", port 5433
2026-08-23 20:04:41.637 IST [108179] FATAL:  could not create lock file "/var/run/postgresql/.s.PGSQL.5433.lock": Permission denied
2026-08-23 20:04:41.640 IST [108179] LOG:  database system is shut down
2026-08-23 20:04:47.443 IST [108202] LOG:  starting PostgreSQL 17.10 (Debian 17.10-0+deb13u1) on x86_64-pc-linux-gnu, compiled by gcc (Debian 14.2.0-19) 14.2.0, 64-bit
2026-08-23 20:04:47.443 IST [108202] LOG:  listening on IPv4 address "127.0.0.1", port 5433
2026-08-23 20:04:47.443 IST [108202] LOG:  listening on IPv6 address "::1", port 5433
2026-08-23 20:04:47.444 IST [108202] LOG:  listening on Unix socket "/tmp/.s.PGSQL.5433"
2026-08-23 20:04:47.447 IST [108205] LOG:  database system was shut down at 2026-08-23 20:04:35 IST
2026-08-23 20:04:47.451 IST [108202] LOG:  database system is ready to accept connections
2026-08-23 20:06:19.869 IST [108203] LOG:  checkpoint starting: immediate force wait
2026-08-23 20:06:19.878 IST [108203] LOG:  checkpoint complete: wrote 8 buffers (0.0%); 0 WAL file(s) added, 0 removed, 0 recycled; write=0.002 s, sync=0.005 s, total=0.009 s; sync files=7, longest=0.002 s, average=0.001 s; distance=4908 kB, estimate=4908 kB; lsn=0/19B8368, redo lsn=0/19B8310
2026-08-23 20:11:19.977 IST [108203] LOG:  checkpoint starting: time
2026-08-23 20:13:06.918 IST [108203] LOG:  checkpoint complete: wrote 1070 buffers (6.5%); 1 WAL file(s) added, 0 removed, 0 recycled; write=106.833 s, sync=0.067 s, total=106.942 s; sync files=417, longest=0.002 s, average=0.001 s; distance=5315 kB, estimate=5315 kB; lsn=0/1EE9000, redo lsn=0/1EE8F70
2026-08-24 04:38:45.043 IST [108203] LOG:  checkpoint starting: time
2026-08-24 04:38:45.654 IST [108203] LOG:  checkpoint complete: wrote 7 buffers (0.0%); 0 WAL file(s) added, 0 removed, 0 recycled; write=0.604 s, sync=0.004 s, total=0.612 s; sync files=7, longest=0.001 s, average=0.001 s; distance=3 kB, estimate=4783 kB; lsn=0/1EE9E20, redo lsn=0/1EE9DC8
2026-08-24 04:56:48.404 IST [108202] LOG:  received smart shutdown request
2026-08-24 04:56:48.467 IST [108202] LOG:  background worker "logical replication launcher" (PID 108208) exited with exit code 1
2026-08-24 04:56:48.467 IST [108203] LOG:  shutting down
2026-08-24 04:56:48.467 IST [108203] LOG:  checkpoint starting: shutdown immediate
2026-08-24 04:56:48.471 IST [108203] LOG:  checkpoint complete: wrote 0 buffers (0.0%); 0 WAL file(s) added, 0 removed, 0 recycled; write=0.001 s, sync=0.001 s, total=0.005 s; sync files=0, longest=0.000 s, average=0.000 s; distance=0 kB, estimate=4305 kB; lsn=0/1EE9ED0, redo lsn=0/1EE9ED0
2026-08-24 04:56:48.479 IST [108202] LOG:  database system is shut down
